#test.vars.var1
这是一个测试变量

#test.vars.var2
引用了var1的值: 这是一个测试变量

#test.vars.new_var
这是一个新添加的变量

#test.vars.new_var2
这是通过包装器添加的新变量

#test.vars.new_var3
这是通过测试用例添加的新变量

#first.tt.first
afeasdfasdfas

